// Jest Snapshot v1, https://goo.gl/fbAQLP

exports[`Path back component tests should match snapshot 1`] = `
<div
  className="makeStyles-whiteThemePath-1"
>
  <div
    className="makeStyles-pathLine-3"
  >
    <Link
      to="/"
    >
      Головна
    </Link>
     /
     
    <Link
      to="/catalog/:category"
    >
      Каталог
    </Link>
     /
     
    Ваш кошик
  </div>
</div>
`;
