// Jest Snapshot v1, https://goo.gl/fbAQLP

exports[`NovaPost component tests should handle change 1`] = `
<div>
  <h3>
    Delivery Address
  </h3>
  <div>
    <div>
      <WithStyles(ForwardRef(Autocomplete))
        getOptionLabel={[Function]}
        noOptionsText="City not found"
        onChange={[Function]}
        onInputChange={[Function]}
        options=""
        renderInput={[Function]}
      />
    </div>
  </div>
  <div>
    <div>
      <WithStyles(ForwardRef(Autocomplete))
        disabled={true}
        getOptionLabel={[Function]}
        noOptionsText="Department not found"
        onChange={[Function]}
        onInputChange={[Function]}
        options={Array []}
        renderInput={[Function]}
      />
    </div>
  </div>
</div>
`;
