// Jest Snapshot v1, https://goo.gl/fbAQLP

exports[`<HeaderProfile /> Should match snapshot 1`] = `
<div
  data-cy="profile"
>
  <Memo(ForwardRef(PersonIcon))
    onClick={[Function]}
    onKeyDown={[Function]}
    tabIndex={0}
  />
  <WithStyles(ForwardRef(Menu))
    anchorEl={null}
    anchorOrigin={
      Object {
        "horizontal": "right",
        "vertical": "bottom",
      }
    }
    elevation={0}
    getContentAnchorEl={null}
    keepMounted={true}
    onClose={[Function]}
    open={false}
    transformOrigin={
      Object {
        "horizontal": "right",
        "vertical": "top",
      }
    }
  >
    <WithStyles(ForwardRef(MenuItem))
      disableGutters={true}
      key="Список уподобань"
      onClick={[Function]}
    >
      <Memo(ForwardRef(FavoriteIcon)) />
      Список уподобань
    </WithStyles(ForwardRef(MenuItem))>
    <WithStyles(ForwardRef(MenuItem))
      disableGutters={true}
      key="Змінити тему"
      onClick={[Function]}
    >
      <Memo(ForwardRef(Brightness7Icon)) />
      Змінити тему
    </WithStyles(ForwardRef(MenuItem))>
    <WithStyles(ForwardRef(MenuItem))
      disableGutters={true}
      key="Профіль"
      onClick={[Function]}
    >
      <Memo(ForwardRef(PersonOutlineIcon)) />
      Профіль
    </WithStyles(ForwardRef(MenuItem))>
    <WithStyles(ForwardRef(MenuItem))
      disableGutters={true}
      key="Історія замовлень"
      onClick={[Function]}
    >
      <Memo(ForwardRef(HistoryIcon)) />
      Історія замовлень
    </WithStyles(ForwardRef(MenuItem))>
    <WithStyles(ForwardRef(MenuItem))
      disableGutters={true}
      key="Вийти"
      onClick={[Function]}
    >
      <Memo(ForwardRef(ExitToAppIcon)) />
      Вийти
    </WithStyles(ForwardRef(MenuItem))>
  </WithStyles(ForwardRef(Menu))>
</div>
`;
