// Jest Snapshot v1, https://goo.gl/fbAQLP

exports[`Product details test Should render product details component 1`] = `
<WithStyles(ForwardRef(Card))
  className=""
>
  <div>
    <ProductPath />
    <Link
      to="/catalog/:category"
    >
      <ArrowIcon />
    </Link>
    <div>
      <div>
        <ProductInfo
          checkDisabledProduct=""
          countComments={0}
          price={Object {}}
          currency={0}
          product={Object {}}
        />
        <ProductSizes
          checkDisabledProduct=""
          currentSize=""
          handleSizeChange={[Function]}
          sizeIsNotSelectedError={false}
        />
        <div>
          <ProductSubmit
            disabled={true}
            product={Object {}}
            setSizeIsNotSelectedError={[Function]}
          />
          <WithStyles(ForwardRef(Tooltip))
            placement="bottom"
            title="product.tooltips.removeWishful"
          >
            <Memo(ForwardRef(FavoriteIcon))
              data-cy="wishful"
              onClick={[Function]}
            />
          </WithStyles(ForwardRef(Tooltip))>
        </div>
      </div>
    </div>
  </div>
  <Toast />
</WithStyles(ForwardRef(Card))>
`;
