// Jest Snapshot v1, https://goo.gl/fbAQLP

exports[`Product details test Should render product details component 1`] = `
<div>
  <WithStyles(ForwardRef(Card))
    className="undefined  "
  >
    <ProductPath />
    <WithStyles(ForwardRef(Button))
      onClick={[Function]}
    >
      <ArrowIcon />
    </WithStyles(ForwardRef(Button))>
    <div>
      <div>
        <ProductInfo
          countComments={0}
          currentPrice={0}
          product={Object {}}
        />
        <ProductSizes
          currentSize={
            Object {
              "_id": "",
            }
          }
          handleSizeChange={[Function]}
          sizeIsNotSelectedError={false}
        />
        <div>
          <ProductSubmit
            disabled={true}
            product={Object {}}
            productToSend={
              Object {
                "options": Object {
                  "size": Object {
                    "_id": "",
                  },
                },
                "price": 0,
                "product": Object {
                  "_id": "",
                },
                "quantity": 1,
              }
            }
            setSizeIsNotSelectedError={[Function]}
          />
        </div>
      </div>
    </div>
  </WithStyles(ForwardRef(Card))>
</div>
`;
