// Jest Snapshot v1, https://goo.gl/fbAQLP

exports[`test newsDetail should match snapshot 1`] = `
<WithStyles(ForwardRef(Card))>
  <WithStyles(ForwardRef(CardContent))>
    <WithStyles(ForwardRef(Typography))
      component="h2"
      gutterBottom={true}
      variant="h2"
    />
    <WithStyles(ForwardRef(CardHeader))
      subheader="Invalid Date"
    />
    <hr />
    <div>
      <WithStyles(ForwardRef(CardMedia))
        alt={null}
        component="div"
        image="https://horondi.blob.core.windows.net/horondi/images/undefined"
        title={null}
      />
    </div>
    <WithStyles(ForwardRef(Typography))
      color="textSecondary"
      component="div"
      id="fullText"
      variant="body2"
    />
    <hr />
    <div>
      <WithStyles(ForwardRef(CardHeader))
        id="newsAuthor"
        subheader={null}
      />
      <WithStyles(ForwardRef(CardMedia))
        component="div"
        id="newsAuthorAvatar"
        image="https://horondi.blob.core.windows.net/horondi/images/undefined"
        title={null}
      />
    </div>
  </WithStyles(ForwardRef(CardContent))>
</WithStyles(ForwardRef(Card))>
`;
